// Jest Snapshot v1, https://goo.gl/fbAQLP

exports[`SearchForm Snapshot 1`] = `
<DocumentFragment>
  <div
    class="search-form"
    data-testid="searchForm"
  >
    <form
      data-testid="form"
    >
      <input
        class="search-input"
        name="searchInput"
        placeholder="What do you want to watch?"
      />
      <button
        class="search-button"
        type="submit"
      >
        Search
      </button>
    </form>
    <h5
      class="search-result"
    />
  </div>
</DocumentFragment>
`;
